[
  null,
  null,
  null,
  null,
  null,
  null,
  null,
  null,
  null,
  null,
  null,
  null,
  null,
  null,
  null,
  null,
  null,
  null,
  null,
  null,
  null,
  null,
  null,
  null,
  null,
  null,
  null,
  null,
  null,
  null,
  null,
  null,
  null,
  null,
  null,
  null,
  null,
  null,
  null,
  null,
  null,
  null,
  null,
  null,
  null,
  null,
  null,
  null,
  null,
  null,
  null,
  null,
  null,
  null,
  null,
  null,
  null,
  null,
  null,
  null,
  null,
  null,
  null,
  null,
  null,
  null,
  null,
  null,
  null,
  null,
  null,
  null,
  null,
  null,
  null,
  null,
  null,
  null,
  null,
  null,
  null,
  null,
  null,
  null,
  null,
  null,
  null,
  null,
  null,
  null,
  null,
  null,
  null,
  null,
  null,
  null,
  null,
  null,
  null,
  null,
  null,
  null,
  null,
  null,
  null,
  null,
  null,
  null,
  null,
  null,
  null,
  null,
  null,
  null,
  null,
  null,
  null,
  null,
  null,
  null,
  null,
  null,
  null,
  null,
  null,
  null,
  null,
  null,
  null,
  null,
  null,
  null,
  null,
  null,
  null,
  null,
  null,
  null,
  null,
  null,
  null,
  null,
  null,
  null,
  null,
  null,
  null,
  null,
  null,
  null,
  null,
  null,
  null,
  null,
  null,
  null,
  null,
  null,
  null,
  null,
  null,
  null,
  null,
  null,
  null,
  null,
  null,
  null,
  null,
  null,
  null,
  null,
  null,
  null,
  null,
  null,
  null,
  null,
  null,
  null,
  null,
  null,
  null,
  null,
  null,
  null,
  null,
  null,
  null,
  null,
  null,
  null,
  null,
  null,
  null,
  null,
  null,
  null,
  null,
  null,
  null,
  null,
  null,
  null,
  null,
  null,
  null,
  null,
  null,
  null,
  null,
  null,
  null,
  null,
  null,
  null,
  null,
  null,
  null,
  null,
  null,
  null,
  null,
  null,
  null,
  null,
  null,
  null,
  null,
  null,
  null,
  null,
  null,
  null,
  null,
  null,
  null,
  null,
  null,
  null,
  null,
  null,
  null,
  null,
  null,
  null,
  null,
  null,
  null,
  null,
  null,
  null,
  null,
  null,
  1001.701024457508,
  1001.7122890006852,
  1001.7234655396189,
  1001.7406966643579,
  1001.7577931709347,
  1001.774756111054,
  1001.7939720243868,
  1001.8094704617986,
  1001.8248478176681,
  1001.8497056523842,
  1001.8672562351907,
  1001.884669704069,
  1001.8971096689213,
  1001.9082355462367,
  1001.9241496976434,
  1001.9399395197422,
  1001.9508276963942,
  1001.9616308091661,
  1001.9723495226194,
  1001.9841266744864,
  1001.9946713064056,
  1002.0062757367505,
  1002.0177895074833,
  1002.0292133268822,
  1002.0405478976921,
  1002.0420688134332,
  1002.0381069086446,
  1002.0485007094107,
  1002.0588133086084,
  1002.0690453406247,
  1002.079197434891,
  1002.1013911609136,
  1002.1125608040073,
  1002.1236431842644,
  1002.1335539139812,
  1002.1433872161222,
  1002.1531436955901,
  1002.1562954010302,
  1002.1594224837716,
  1002.1526774471033,
  1002.1459851060341,
  1002.1393450488795,
  1002.1414859174506,
  1002.1457682096574,
  1002.1510931483847,
  1002.1563764860282,
  1002.159460398425,
  1002.1711767274516,
  1002.1828015226575,
  1002.194335499151,
  1002.205779366453,
  1002.2171338285418,
  1002.2239289115065,
  1002.2306709078855,
  1002.2417308617884,
  1002.2527044098014,
  1002.2635922269706,
  1002.273330609771,
  1002.282992911456,
  1002.2893245180757,
  1002.2879793926309,
  1002.2866447759786,
  1002.2864318946961,
  1002.2862206765485,
  1002.2860111085428,
  1002.3070692952656,
  1002.3159772605811,
  1002.3159629411994,
  1002.3304992351206,
  1002.3449219642455,
  1002.3592320157991,
  1002.3677525811214,
  1002.3784942808448,
  1002.3891520610392,
  1002.3997265773259,
  1002.4000134729471,
  1002.3945536419022,
  1002.3868216509725,
  1002.3791500662219,
  1002.3680402813989,
  1002.3570172917697,
  1002.3496154871203,
  1002.3422715090697,
  1002.340850146088,
  1002.3394398875045,
  1002.3254398401145,
  1002.3080562470815,
  1002.290808463369,
  1002.2736954279668,
  1002.2567160881537,
  1002.2398693994328,
  1002.2253550296929,
  1002.2054677472869,
  1002.1780006857597,
  1002.1507482106507,
  1002.1225989153899,
  1002.0946695364983,
  1002.0636479745233,
  1002.0328687685012,
  1002.0023300250263,
  1001.9752986939366,
  1001.928947295121,
  1001.8785064496572,
  1001.8262211346165,
  1001.7664868991744,
  1001.7060854477515,
  1001.6461558826679,
  1001.5776887536226,
  1001.509756524023,
  1001.4423550149671,
  1001.3662208209415,
  1001.2824823998195,
  1001.1993981851125,
  1001.1169630658329,
  1001.0431906659373,
  1000.959789605659,
  1000.877040116164,
  1000.7949371070558,
  1000.7258584527783,
  1000.6462379152038,
  1000.5672394130789,
  1000.4843159355892,
  1000.4020402977673,
  1000.3147048836214,
  1000.2280517773985,
  1000.1491033846999,
  1000.0707717763192,
  999.9930521336291,
  999.9357920672767,
  999.8789793451926,
  999.8214895973207,
  999.7644489881039,
  999.7078540086467,
  999.6406821365637,
  999.5785057171205,
  999.5190376683084,
  999.4589260575993,
  999.3992840688488,
  999.3401080331355,
  999.2878866924726,
  999.2328538942205,
  999.1804062121186,
  999.1294428992661,
  999.0788777372953,
  999.024415033235,
  998.9628242969505,
  998.9017147382933,
  998.841082598063,
  998.7809241464283,
  998.721235682697,
  998.6534283702536,
  998.5861508024385,
  998.519398840622,
  998.458654684687,
  998.3983850924702,
  998.3385863564426,
  998.2835592057537,
  998.2289619546796,
  998.167350768439,
  998.1062209195909,
  998.047706130587,
  997.9853851868717,
  997.928909493156,
  997.8728750157974,
  997.8193672115365,
  997.7662774369965,
  997.720807630536,
  997.6756930569385,
  997.6359389537678,
  997.6074428817574,
  997.5791694353096,
  997.5470584336038,
  997.5151982990988,
  997.4825671632784,
  997.4501909582067,
  997.4065633415007,
  997.3632765655502,
  997.3192606861161,
  997.27558868074,
  997.232257862906,
  997.1892655670862,
  997.1543116133663,
  997.1196307374098,
  997.0894042060645,
  997.0604540991225,
  997.0192634095719,
  996.9794502655266,
  996.9325679322494,
  996.886051867201,
  996.8388491417064,
  996.7920151875047,
  996.7455471235703,
  996.7164257870376,
  996.6875319609466,
  996.6599153483563,
  996.632514490552,
  996.6053277019492,
  996.5783533101325,
  996.5391229004325,
  996.5001989783084,
  996.459438738367,
  996.429728393844,
  996.4002501613876,
  996.3678047514968,
  996.3356128213708,
  996.3036723906989,
  996.2709098211162,
  996.2394763547128,
  996.2115034828417,
  996.1837491490322,
  996.1562116459556,
  996.1163725907032,
  996.0768447780699,
  996.0301240617953,
  995.9837683511165,
  995.9281823660509,
  995.8730306464936,
  995.8183097997453,
  995.7640164596123,
  995.7101472861991,
  995.6621018011111,
  995.6144316713754,
  995.5671339645282,
  995.5445880857102,
  995.5182776151707,
  995.4852414531038,
  995.452463386053,
  995.41896361292,
  995.3857255567648,
  995.3527471729232,
  995.3162339569773,
  995.2800060005309,
  995.2357890161708,
  995.2030649205205,
  995.1632694009766,
  995.1237847839291,
  995.0846086404523,
  995.0457385605964,
  995.0034563387328,
  994.9615044467275,
  994.9198803038786,
  994.8678391621456,
  994.823135833911,
  994.7787817504283,
  994.7196727012639,
  994.6548657832019,
  994.5905651691872,
  994.5039058986305,
  994.4220193285922,
  994.3407724973824,
  994.2601604070414,
  994.1852184212369,
  994.10685550944,
  994.0291048078916,
  993.951961533699,
  993.875420941336,
  993.794577130381,
  993.714364911699,
  993.6337828586285,
  993.5538303528476,
  993.4665101486524,
  993.3798721335526,
  993.2889600907467,
  993.1987582982753,
  993.1152940258403,
  993.0324818180336,
  992.9503165806004,
  992.872841186546,
  992.7959710690076,
  992.7020402625603,
  992.6088432905384,
  992.5397587736019,
  992.4670858420694,
  992.3949806678146,
  992.3224294483086,
  992.2342742719451,
  992.1468078078968,
  992.060024675599,
  991.9739195365223,
  991.8984266612746,
  991.8088015263761,
  991.7198765878439,
  991.6316463753941,
  991.5479539836465,
  991.4495968112584,
  991.3578674292796,
  991.2668546830976,
  991.1813874418168,
  991.099470754687,
  991.0172366274596,
  990.9356449543512,
  990.854690716189,
  990.7743689330124,
  990.6946746637669,
  990.6156030059999,
  990.5398399681195,
  990.4682443438467,
  990.3972080603884,
  990.3267267478947,
  990.2567960706548,
  990.2087017149826,
  990.1699940537881,
  990.1315887961966,
  990.0934835796802,
  990.0332005135625,
  989.9733884088989,
  989.9225149718452,
  989.8720389835185,
  989.8219573388504,
  989.7771254769319,
  989.7355409591138,
  989.6942813203411,
  989.6533440224964,
  989.612726547291,
  989.5724263961107,
  989.5324410898614,
  989.5048042332431,
  989.5010901861189,
  989.4838091041175,
  989.4804998834304,
  989.4855833165655,
  989.4906270353791,
  989.4956313501395,
  989.5005965686909,
  989.4870145800135,
  989.479525290661,
  989.4661534467426,
  989.4528860703549,
  989.4397223453452,
  989.4266614619372,
  989.4106227875086,
  989.4008934521634,
  989.3912401272504,
  989.3848294486681,
  989.3795203339969,
  989.374252696784,
  989.3690262129868,
  989.3526798468085,
  989.3353289402393,
  989.3181135876275,
  989.3010327299581,
  989.2840853164893,
  989.267270304688,
  989.228197896969,
  989.1894307424353,
  989.1497283421917
]
