[
  null,
  null,
  null,
  null,
  null,
  null,
  null,
  null,
  null,
  null,
  null,
  null,
  null,
  null,
  null,
  null,
  null,
  null,
  null,
  null,
  null,
  null,
  null,
  null,
  null,
  null,
  null,
  null,
  null,
  null,
  null,
  null,
  null,
  null,
  null,
  null,
  null,
  null,
  null,
  null,
  null,
  null,
  null,
  null,
  null,
  null,
  null,
  null,
  null,
  null,
  null,
  null,
  null,
  null,
  null,
  null,
  null,
  null,
  null,
  null,
  null,
  null,
  null,
  null,
  null,
  null,
  null,
  null,
  null,
  null,
  null,
  null,
  null,
  null,
  null,
  null,
  null,
  null,
  null,
  null,
  null,
  null,
  null,
  null,
  null,
  null,
  null,
  null,
  null,
  null,
  null,
  null,
  null,
  null,
  null,
  null,
  null,
  null,
  null,
  null,
  null,
  null,
  null,
  null,
  null,
  null,
  null,
  null,
  null,
  null,
  null,
  null,
  null,
  null,
  null,
  null,
  null,
  null,
  null,
  null,
  null,
  null,
  null,
  null,
  null,
  null,
  null,
  null,
  null,
  null,
  null,
  null,
  null,
  null,
  null,
  null,
  null,
  null,
  null,
  null,
  null,
  null,
  null,
  null,
  null,
  null,
  null,
  null,
  null,
  null,
  null,
  null,
  null,
  null,
  null,
  null,
  null,
  null,
  null,
  null,
  null,
  null,
  null,
  null,
  null,
  null,
  null,
  null,
  null,
  null,
  null,
  null,
  null,
  null,
  null,
  null,
  null,
  null,
  null,
  null,
  null,
  null,
  null,
  null,
  null,
  null,
  null,
  null,
  null,
  null,
  null,
  null,
  null,
  null,
  null,
  null,
  null,
  null,
  null,
  null,
  null,
  null,
  null,
  null,
  null,
  null,
  null,
  null,
  null,
  null,
  null,
  null,
  null,
  null,
  null,
  null,
  null,
  null,
  null,
  null,
  null,
  null,
  null,
  null,
  null,
  null,
  null,
  null,
  null,
  null,
  null,
  null,
  null,
  null,
  null,
  null,
  null,
  null,
  null,
  null,
  null,
  null,
  null,
  null,
  null,
  null,
  null,
  null,
  null,
  null,
  null,
  null,
  null,
  null,
  1008.1339591050832,
  1008.1828730728802,
  1008.2314049003037,
  1008.2958268549376,
  1008.3597455130508,
  1008.4156782731079,
  1008.4717374599195,
  1008.5273586843341,
  1008.5967507307271,
  1008.6656006517576,
  1008.772120812568,
  1008.8778087846221,
  1008.9705185719512,
  1009.0690393975823,
  1009.1667905292632,
  1009.2964421464847,
  1009.4250808604465,
  1009.5665867824249,
  1009.7069871893877,
  1009.8594722123757,
  1010.024590519822,
  1010.1884188404914,
  1010.3866572875808,
  1010.5833469968022,
  1010.796671648342,
  1011.0083297010417,
  1011.2183341752046,
  1011.4241118748403,
  1011.6282819361975,
  1011.872917995714,
  1012.1156428360156,
  1012.3720722944391,
  1012.6264983977187,
  1012.8789367970664,
  1013.1591593694402,
  1013.4563960902573,
  1013.75490680679,
  1014.063826642381,
  1014.3703330417563,
  1014.6744448598865,
  1014.9600545917906,
  1015.2373041068071,
  1015.5123876099875,
  1015.7860175496737,
  1016.0575097554561,
  1016.3268809283808,
  1016.594147639017,
  1016.8593263284764,
  1017.1304777253622,
  1017.3995107519597,
  1017.666441958037,
  1017.9221651080248,
  1018.2037922066175,
  1018.4719410158792,
  1018.7352408689846,
  1018.9964836919876,
  1019.2556855554359,
  1019.5157641732911,
  1019.7550338271799,
  1019.9924341868976,
  1020.2433713722312,
  1020.4923481108044,
  1020.7393797186076,
  1020.9792297611723,
  1021.2172059752795,
  1021.453323000214,
  1021.6786806164133,
  1021.8933243943126,
  1022.0839744933016,
  1022.2731351383924,
  1022.4608179659433,
  1022.6470345214041,
  1022.8890917947449,
  1023.1360826150808,
  1023.3930169708375,
  1023.6256254261924,
  1023.8564166279898,
  1024.0854047735231,
  1024.3126039491694,
  1024.53757250334,
  1024.7638531755674,
  1024.988366030043,
  1025.2478807664393,
  1025.4916613692333,
  1025.731956272133,
  1025.9703738711037,
  1026.2069288325824,
  1026.4238767821373,
  1026.6504069845066,
  1026.8887896871524,
  1027.125310024934,
  1027.333821319257,
  1027.540703619093,
  1027.7459696509616,
  1027.9291460432512,
  1028.110891369976,
  1028.2983652121363,
  1028.4754883088535,
  1028.6512276313777,
  1028.8444936288183,
  1029.036249735654,
  1029.230847678766,
  1029.4084624066443,
  1029.584689519461,
  1029.7565772904486,
  1029.9283537804274,
  1030.0963589506737,
  1030.2630515805274,
  1030.426456273059,
  1030.5885843664305,
  1030.7258730507283,
  1030.870175675401,
  1031.0133509358184,
  1031.155407639514,
  1031.2963545252117,
  1031.4070994638737,
  1031.5169792077024,
  1031.6425452405867,
  1031.7521916024045,
  1031.8609813520206,
  1031.9749404372592,
  1032.0880092171444,
  1032.2141285750342,
  1032.3392626254406,
  1032.4634190660781,
  1032.5915741358226,
  1032.716525789038,
  1032.8509378712413,
  1032.983737454661,
  1033.115499541335,
  1033.2638306389358,
  1033.4110028998366,
  1033.557025377449,
  1033.7019070544552,
  1033.8151337371432,
  1033.9274758363729,
  1034.0432725796352,
  1034.1581646608406,
  1034.2494593113854,
  1034.3442429636682,
  1034.4382861186675,
  1034.5315945615184,
  1034.6161470030786,
  1034.6859617256525,
  1034.751842639206,
  1034.8068685439862,
  1034.8614645588852,
  1034.9174658126406,
  1034.983439696534,
  1035.0526982954916,
  1035.107795134367,
  1035.1543724343326,
  1035.200585849142,
  1035.2464382216483,
  1035.2988543486017,
  1035.3468830290335,
  1035.4105297013004,
  1035.4736791339403,
  1035.5592787616558,
  1035.638376439938,
  1035.729569227354,
  1035.8200495711185,
  1035.9098230371974,
  1035.9840882302806,
  1036.0577732265428,
  1036.1308825587716,
  1036.2017824715326,
  1036.2706181189706,
  1036.3485878550175,
  1036.4259484525014,
  1036.49941176543,
  1036.5723011462264,
  1036.6446210787353,
  1036.7204459519075,
  1036.7799447636655,
  1036.8389787409567,
  1036.8988240896626,
  1036.9582018965818,
  1037.01835054858,
  1037.0780292892343,
  1037.1372417897273,
  1037.198536968528,
  1037.2593532787444,
  1037.3222513764167,
  1037.366920009211,
  1037.4177904186854,
  1037.4682634030855,
  1037.5183420672952,
  1037.5853762193642,
  1037.6626089613871,
  1037.7474834854506,
  1037.831694927295,
  1037.91524846725,
  1037.981776239855,
  1038.0672242566302,
  1038.1520047107742,
  1038.2340575649894,
  1038.291167645934,
  1038.35222694252,
  1038.4228740775923,
  1038.471472436376,
  1038.5196911204816,
  1038.5691396389004,
  1038.6271956592786,
  1038.6836770199616,
  1038.7428142458814,
  1038.8014894622236,
  1038.829351555891,
  1038.838332038446,
  1038.8564043772972,
  1038.859854971068,
  1038.8746449989276,
  1038.8893194796944,
  1038.9038793160803,
  1038.9183254037443,
  1038.9377544716046,
  1038.9570317498722,
  1038.9651672497098,
  1038.973239190955,
  1038.9683947597866,
  1038.963588175737,
  1038.9672349267441,
  1038.9708531875092,
  1038.9840274518556,
  1038.9790311916393,
  1038.974073964706,
  1038.969155466108,
  1038.9722923009858,
  1038.975404629341,
  1038.978492642631,
  1039.020083538581,
  1039.0792786489596,
  1039.1151424288676,
  1039.1507260229948,
  1039.1701918436609,
  1039.1895055876028,
  1039.18723848936,
  1039.1769313897005,
  1039.1667048142572,
  1039.1415471258617,
  1039.116585981907,
  1039.0918198468894,
  1039.0672471973016,
  1039.0818832611653,
  1039.0869541909508,
  1039.0919855040972,
  1039.0533646251579,
  1039.0008130348326,
  1038.948672003807,
  1038.9023636718082,
  1038.8564171236533,
  1038.7812933897937,
  1038.706756560105,
  1038.6205034776426,
  1038.534924247387,
  1038.4657332006652,
  1038.397082708996,
  1038.3128748080874,
  1038.2331859100755,
  1038.1541195815794,
  1038.0643637982182,
  1037.9753092319145,
  1037.859869303419,
  1037.717624581033,
  1037.601260623071,
  1037.4746512688484,
  1037.3469092894272,
  1037.2201652942204,
  1037.0915926670762,
  1036.9640245135815,
  1036.8304522206327,
  1036.6989070654345,
  1036.5683896067612,
  1036.43638991956,
  1036.2893490951783,
  1036.1434570272372,
  1035.9987047410768,
  1035.8550833321522,
  1035.6930623478615,
  1035.5323071525108,
  1035.3621586160332,
  1035.1789934540252,
  1034.9972592698455,
  1034.8169448839797,
  1034.6380392042533,
  1034.46053122515,
  1034.2883077260592,
  1034.117429723055,
  1033.9478867044493,
  1033.7796682406765,
  1033.6648022621987,
  1033.5669592317606,
  1033.4698805999979,
  1033.3735603950458,
  1033.2810899356245,
  1033.1893419016674,
  1033.1230432001187,
  1033.0712313279878,
  1033.0323113780607,
  1032.9682926962394,
  1032.9069753074818,
  1032.815062557854,
  1032.7238678765825,
  1032.6333856537585,
  1032.5436103233003,
  1032.4717564902214,
  1032.399293470378,
  1032.3273965678773,
  1032.223920156722,
  1032.1543161095622,
  1032.0852558440206,
  1031.9833877576966,
  1031.882315515797,
  1031.7878859905902,
  1031.6608574315633,
  1031.5642678346082,
  1031.4722007413927,
  1031.380852922343,
  1031.2902187581294,
  1031.1757177370532,
  1031.0621112552042,
  1030.9566320301174,
  1030.8760442327703,
  1030.7899159580363,
  1030.7119518535874,
  1030.5909860063764,
  1030.4709652048468,
  1030.3270168558404,
  1030.1841931033107,
  1030.0424851613475,
  1029.9041630059871,
  1029.7669214924656,
  1029.6307521782683,
  1029.4956466868382,
  1029.36159670706,
  1029.1623299795394,
  1028.9860967942893,
  1028.811240430799,
  1028.6377501326485,
  1028.4716440782438,
  1028.3081954280374,
  1028.134486344743,
  1027.9621343636618,
  1027.7911288824328,
  1027.6214593815257,
  1027.4352112439456
]
