[
  null,
  null,
  null,
  null,
  null,
  null,
  null,
  null,
  null,
  null,
  null,
  null,
  null,
  null,
  null,
  null,
  null,
  null,
  null,
  null,
  null,
  null,
  null,
  null,
  null,
  null,
  null,
  null,
  null,
  null,
  null,
  null,
  null,
  null,
  null,
  null,
  null,
  null,
  null,
  null,
  null,
  null,
  null,
  null,
  null,
  null,
  null,
  null,
  null,
  null,
  null,
  null,
  null,
  null,
  null,
  null,
  null,
  null,
  null,
  null,
  null,
  null,
  null,
  null,
  null,
  null,
  null,
  null,
  null,
  null,
  null,
  null,
  null,
  null,
  null,
  null,
  null,
  null,
  null,
  null,
  null,
  null,
  null,
  null,
  null,
  null,
  null,
  null,
  null,
  null,
  null,
  null,
  null,
  null,
  null,
  null,
  null,
  null,
  null,
  null,
  null,
  null,
  null,
  null,
  null,
  null,
  null,
  null,
  null,
  null,
  null,
  null,
  null,
  null,
  null,
  null,
  null,
  null,
  null,
  null,
  null,
  null,
  null,
  null,
  null,
  null,
  null,
  null,
  null,
  null,
  null,
  null,
  null,
  null,
  null,
  null,
  null,
  null,
  null,
  null,
  null,
  null,
  null,
  null,
  null,
  null,
  null,
  null,
  null,
  null,
  null,
  null,
  null,
  null,
  null,
  null,
  null,
  null,
  null,
  null,
  null,
  null,
  null,
  null,
  null,
  null,
  null,
  null,
  null,
  null,
  null,
  null,
  null,
  null,
  null,
  null,
  null,
  null,
  null,
  null,
  null,
  null,
  null,
  null,
  null,
  null,
  null,
  null,
  null,
  null,
  null,
  null,
  null,
  null,
  null,
  null,
  null,
  null,
  null,
  null,
  null,
  null,
  null,
  null,
  null,
  null,
  null,
  null,
  null,
  null,
  null,
  null,
  null,
  null,
  null,
  null,
  null,
  null,
  null,
  null,
  null,
  null,
  null,
  null,
  null,
  null,
  null,
  null,
  null,
  null,
  null,
  null,
  null,
  null,
  null,
  null,
  null,
  null,
  null,
  null,
  null,
  null,
  null,
  null,
  null,
  null,
  null,
  null,
  null,
  null,
  null,
  null,
  null,
  null,
  966.2501960387561,
  966.1172761768731,
  965.982623542425,
  965.8490228816835,
  965.6980766787659,
  965.5483097430587,
  965.3997128615366,
  965.2863850333148,
  965.1739425787509,
  965.0764627147994,
  964.979744412285,
  964.870716095682,
  964.7625395628025,
  964.6552081590862,
  964.5855898753031,
  964.516515484362,
  964.4583088768546,
  964.4005570084684,
  964.3676174403425,
  964.3349352125928,
  964.3025083147472,
  964.2815196608117,
  964.260694980735,
  964.2711366234481,
  964.2814966908276,
  964.3193202915268,
  964.3510801495687,
  964.3825918837197,
  964.4275330468734,
  964.47212310719,
  964.473577257101,
  964.4750200464659,
  964.4525929957421,
  964.3831920335449,
  964.3143332663649,
  964.2460124583035,
  964.1782254065552,
  964.1109679411485,
  964.0984723993016,
  964.0931640644417,
  964.0878972009479,
  964.082671484825,
  964.0636516033545,
  964.044780314708,
  964.0323395819385,
  964.0369716205399,
  964.0513787793643,
  964.09063318005,
  964.1295809057302,
  964.1624456002157,
  964.1191553164048,
  964.076203237936,
  964.0335867225804,
  963.991303148751,
  963.949349915342,
  963.8822739591627,
  963.8488737508139,
  963.8157344815929,
  963.7828541129127,
  963.7298840116187,
  963.677327739241,
  963.6084610049342,
  963.5328973554348,
  963.4579240469471,
  963.3596346974497,
  963.2727631219617,
  963.1865702306573,
  963.1010507213161,
  963.0161993331417,
  962.9073274379806,
  962.7772458957147,
  962.6347095590247,
  962.4932867874651,
  962.3529688813084,
  962.2137472087934,
  962.075613205595,
  961.9676294054216,
  961.8614387781422,
  961.8159575738371,
  961.7708316914405,
  961.7260583550003,
  961.6419910500789,
  961.5585805209771,
  961.475821636634,
  961.3937093060748,
  961.3027322549392,
  961.2917482762415,
  961.2808501098774,
  961.270037085438,
  961.2593085377521,
  961.2442480459753,
  961.2293052142905,
  961.2181018850241,
  961.1955083207723,
  961.1730912687412,
  961.117635224851,
  961.0626124313037,
  961.008019503331,
  960.9421458479206,
  960.8767868304433,
  960.824050341816,
  960.7717258570061,
  960.7198101572338,
  960.7140416455899,
  960.708318200443,
  960.7026394697115,
  960.6970051040637,
  960.703238203062,
  960.7094226059745,
  960.7038669812517,
  960.6983547598471,
  960.6928856026722,
  960.6909684723144,
  960.651126983249,
  960.5394144738133,
  960.4285747183576,
  960.318895793273,
  960.2100737347906,
  960.1021018486401,
  959.9705099975355,
  959.8399462077675,
  959.6729237025214,
  959.5072060605975,
  959.3612564922712,
  959.2655721002376,
  959.1706352425167,
  959.0764400789968,
  958.9829808151919,
  958.8902517018854,
  958.7556142117239,
  958.6220285769543,
  958.5224161710328,
  958.4712753862101,
  958.4385665286266,
  958.4061132089929,
  958.3773274877287,
  958.348766654912,
  958.3387563302613,
  958.3288242112719,
  958.3189696869622,
  958.3112820305342,
  958.3386740462284,
  958.3658520618001,
  958.392817749125,
  958.4195727670178,
  958.4461187613333,
  958.4832348280335,
  958.5200609254625,
  958.5565993190054,
  958.5928522563487,
  958.628821967619,
  958.6645106655201,
  958.7073032656848,
  958.7884355132628,
  958.8689339151566,
  958.9488034232857,
  959.0280489508824,
  959.0762721673675,
  959.1241186399739,
  959.171591312013,
  959.2186931038018,
  959.2800061067803,
  959.3163093240134,
  959.352328922362,
  959.3881300049846,
  959.3920844647338,
  959.3960080302661,
  959.3999009429427,
  959.4037634422391,
  959.3895934157056,
  959.3755340925044,
  959.3393385733051,
  959.2745454020787,
  959.2102584275026,
  959.1464736949154,
  959.0696312120723,
  958.9933890611264,
  958.9054241789381,
  958.8181465223919,
  958.7268063649608,
  958.5413518534093,
  958.3573462052293,
  958.2077805571723,
  958.0593833907408,
  957.9121455771719,
  957.7660580590217,
  957.6170568472237,
  957.4410193400394,
  957.26635712588,
  957.0930594602687,
  956.92111568267,
  956.7667509086447,
  956.5912683740781,
  956.417156796813,
  956.2444054662451,
  956.1220803696331,
  956.0007109378383,
  955.8802897047295,
  955.7608092625044,
  955.6422622612341,
  955.5246414084113,
  955.4383492308897,
  955.352731211005,
  955.2677820819006,
  955.1834966178674,
  955.0998696340218,
  954.9611364845069,
  954.8234871877227,
  954.6869132760695,
  954.5514063481011,
  954.4169580680075,
  954.2835601651021,
  954.1495349079504,
  953.9815977228948,
  953.7827546267433,
  953.5854649922807,
  953.4385298823291,
  953.2927427029241,
  953.1677687906234,
  953.0437712370126,
  952.9118794751216,
  952.7810181176204,
  952.6740306204116,
  952.5678789630247,
  952.4625566154612,
  952.355700722116,
  952.2115513939624,
  952.0685282324349,
  951.9397554212399,
  951.7831447406339,
  951.6277575809702,
  951.4735843834914,
  951.3206156641178,
  951.1816672835592,
  951.0438044372239,
  950.8633570636437,
  950.6843194351695,
  950.5066805381679,
  950.3024863765382,
  950.0998874817964,
  949.8724594971709,
  949.6610538407043,
  949.5461539014177,
  949.4321516179068,
  949.3190399772359,
  949.3273222602162,
  949.3355398378608,
  949.34369321568,
  949.351782895235,
  949.3598093741685,
  949.3834628014077,
  949.4069314362467,
  949.4161199685817,
  949.4252367155078,
  949.4185609106413,
  949.4119372605004,
  949.4317297609542,
  949.4513676324983,
  949.4708520831709,
  949.5022468437394,
  949.533396332741,
  949.6163113949311,
  949.698578683198,
  949.7802032582753,
  949.8611901413598,
  949.9415443144202,
  950.0212707205035,
  950.1114773574808,
  950.2009792551067,
  950.2818869607024,
  950.3621625748482,
  950.4418110357584,
  950.5343671213257,
  950.6262001124745,
  950.71731565838,
  950.7933774897665,
  950.8992102393439,
  951.0274936379768,
  951.1547748225579,
  951.3228178612928,
  951.4895480637877,
  951.6549756865754,
  951.8257400591816,
  951.9936763860474,
  952.1806145788728,
  952.4036063222953,
  952.6248559427224,
  952.8466724002695,
  953.1139884158582,
  953.4582489361057,
  953.7998199210389,
  954.1387223826522,
  954.4786709488311,
  954.8451585913068,
  955.2087830490756,
  955.5023193296412,
  955.7935623580149,
  956.0825300502295,
  956.3692401823486,
  956.6537103915605,
  956.9359581772629,
  957.2160009021396,
  957.5337281494394,
  957.8331275570739,
  958.0323532711553,
  958.2300225343455,
  958.4261475064169,
  958.6641153999251,
  958.9002241692652,
  959.1344883388449,
  959.3162084187376,
  959.4965088105062,
  959.6422967919048,
  959.7869458046987,
  959.9304647470802,
  960.0728624477243,
  960.2141476663322,
  960.3447201996144,
  960.5152432753245,
  960.6844341395056,
  960.9020988188219,
  961.1180629928309,
  961.3323399467306,
  961.5449428619279,
  961.7558848168502,
  961.9651787877497,
  962.2080541382322,
  962.4490320250391,
  962.6731060518839,
  962.8826166118984,
  963.0904903706627,
  963.3266177876366,
  963.5479890445995,
  963.8001551075816,
  964.0884825888122,
  964.3745575115958,
  964.658397474045,
  964.975145681901,
  965.2960869007331,
  965.6145207662931,
  965.9304668672785,
  966.2439446393498,
  966.557969828435,
  966.8675516869471,
  967.2325037712861,
  967.5946046674662
]
