[
  null,
  null,
  null,
  null,
  null,
  null,
  null,
  null,
  null,
  null,
  null,
  null,
  null,
  null,
  null,
  null,
  null,
  null,
  null,
  null,
  null,
  null,
  null,
  null,
  null,
  null,
  null,
  null,
  null,
  null,
  null,
  null,
  null,
  null,
  null,
  null,
  null,
  null,
  null,
  null,
  null,
  null,
  null,
  null,
  null,
  null,
  null,
  null,
  null,
  null,
  null,
  null,
  null,
  null,
  null,
  null,
  null,
  null,
  null,
  null,
  null,
  null,
  null,
  null,
  null,
  null,
  null,
  null,
  null,
  null,
  null,
  null,
  null,
  null,
  null,
  null,
  null,
  null,
  null,
  null,
  null,
  null,
  null,
  null,
  null,
  null,
  null,
  null,
  null,
  null,
  null,
  null,
  null,
  null,
  null,
  null,
  null,
  null,
  null,
  null,
  null,
  null,
  null,
  null,
  null,
  null,
  null,
  null,
  null,
  null,
  null,
  null,
  null,
  null,
  null,
  null,
  null,
  null,
  null,
  null,
  null,
  null,
  null,
  null,
  null,
  null,
  null,
  null,
  null,
  null,
  null,
  null,
  null,
  null,
  null,
  null,
  null,
  null,
  null,
  null,
  null,
  null,
  null,
  null,
  null,
  null,
  null,
  null,
  null,
  null,
  null,
  null,
  null,
  null,
  null,
  null,
  null,
  null,
  null,
  null,
  null,
  null,
  null,
  null,
  null,
  null,
  null,
  null,
  null,
  null,
  null,
  null,
  null,
  null,
  null,
  null,
  null,
  null,
  null,
  null,
  null,
  null,
  null,
  null,
  null,
  null,
  null,
  null,
  null,
  null,
  null,
  null,
  null,
  null,
  null,
  null,
  null,
  null,
  null,
  null,
  null,
  null,
  null,
  null,
  null,
  null,
  null,
  null,
  null,
  null,
  null,
  null,
  null,
  null,
  null,
  null,
  null,
  null,
  null,
  null,
  null,
  null,
  null,
  null,
  null,
  null,
  null,
  null,
  null,
  null,
  null,
  null,
  null,
  null,
  null,
  null,
  null,
  null,
  null,
  null,
  null,
  null,
  null,
  null,
  null,
  null,
  null,
  null,
  null,
  null,
  null,
  null,
  null,
  null,
  989.4268489475111,
  989.4806686705864,
  989.5148961479341,
  989.5488562231151,
  989.5886449789683,
  989.6390071730922,
  989.6889759125745,
  989.7385542712796,
  989.784161583461,
  989.829412588516,
  989.874310070094,
  989.9104819815213,
  989.9463712998906,
  989.9819802329603,
  990.0173109712402,
  990.0632668509181,
  990.108863700286,
  990.1685274011912,
  990.2536879703696,
  990.3381832226013,
  990.4220183556749,
  990.5051985267714,
  990.591150385628,
  990.6934638124477,
  990.8172040891624,
  990.9399776449652,
  991.0617920323633,
  991.18265474486,
  991.2971628988556,
  991.4031491915104,
  991.5072071141411,
  991.6104520842513,
  991.7128904530325,
  991.8255320431845,
  991.9372936209134,
  992.0438357469907,
  992.152823484736,
  992.2609597557803,
  992.3704457346789,
  992.4790763543674,
  992.5957235455664,
  992.7147465974847,
  992.8328397818099,
  992.9500103631325,
  993.0662655492886,
  993.1783886266032,
  993.2896357423764,
  993.4000137400576,
  993.5095294096319,
  993.6074874332431,
  993.7003398820171,
  993.7739176891915,
  993.8469206697474,
  993.9418353289062,
  994.0360084672903,
  994.1294458780309,
  994.2384519877204,
  994.346606487178,
  994.4400602997313,
  994.532784004374,
  994.6247833050742,
  994.7083613964489,
  994.7912865339848,
  994.8691248984292,
  994.9441230077942,
  995.0185351944299,
  995.0923660358575,
  995.1656200738364,
  995.2383018146436,
  995.2972300753422,
  995.3434036099341,
  995.3892164137869,
  995.4346713051098,
  995.4695064815539,
  995.5190935466436,
  995.5682932127874,
  995.6171085065394,
  995.6655424308088,
  995.7101154241832,
  995.7543401910468,
  995.7935342944979,
  995.8324221940159,
  995.8710062818188,
  995.9092889314359,
  995.9600798749019,
  996.0104740141221,
  996.0604744491296,
  996.1100842557387,
  996.1628150935181,
  996.2128053576184,
  996.3102843702394,
  996.4070018280743,
  996.5029636807698,
  996.5981758314911,
  996.6971084229991,
  996.795268103636,
  996.8982174551534,
  997.0003625148621,
  997.1061421904052,
  997.2199106949554,
  997.3327903830638,
  997.4447881986088,
  997.5559110312198,
  997.6661657167011,
  997.7755590374521,
  997.8840977228847,
  997.9986016765815,
  998.1122110681401,
  998.2226551895341,
  998.3219568609666,
  998.420482738091,
  998.5182388818004,
  998.6199661541218,
  998.7420771459838,
  998.8632341457218,
  998.9834446063993,
  999.094673643441,
  999.2294114896634,
  999.3630966964623,
  999.4957374875831,
  999.6194733174874,
  999.7422424612205,
  999.8651946493808,
  999.9871862735711,
  1000.0932891764326,
  1000.1985631503654,
  1000.303014671377,
  1000.402006777065,
  1000.5002255069273,
  1000.6102042353241,
  1000.7193237549052,
  1000.842183091458,
  1000.9640825894439,
  1001.0850297476019,
  1001.2050320060868,
  1001.3240967469272,
  1001.4422312944798,
  1001.5638818363342,
  1001.700030429658,
  1001.8351153620965,
  1001.9691449435004,
  1002.1021274187995,
  1002.2340709685103,
  1002.364983709239,
  1002.4948736941808,
  1002.6237489136151,
  1002.7472588574619,
  1002.8851439920743,
  1003.0219518990725,
  1003.1587656160305,
  1003.2945104758247,
  1003.4357052455684,
  1003.5607315041763,
  1003.6847809951388,
  1003.8056821304853,
  1003.9376579564811,
  1004.0686027213362,
  1004.2038755076132,
  1004.3380914752476,
  1004.4744783174478,
  1004.6097996374434,
  1004.7440637596266,
  1004.8772789433551,
  1005.0243546096189,
  1005.1702812472399,
  1005.3244428330046,
  1005.4774000313804,
  1005.6434409722706,
  1005.80818471831,
  1005.9716414038336,
  1006.1083028679211,
  1006.2438966643203,
  1006.3784311341852,
  1006.5119145535043,
  1006.6259727806688,
  1006.7391399279335,
  1006.8471770329472,
  1006.954370098078,
  1007.0692756489881,
  1007.1695402661815,
  1007.251803935199,
  1007.3334249193023,
  1007.4470965239861,
  1007.5598800692584,
  1007.6717824930832,
  1007.7828106792219,
  1007.8929714576565,
  1008.0022716050095,
  1008.1213615779312,
  1008.2395211604396,
  1008.3399339334572,
  1008.449233827284,
  1008.5576798156903,
  1008.6559285033229,
  1008.7534096230833,
  1008.8564295748213,
  1008.9492696831863,
  1009.0529819815787,
  1009.1558840276398,
  1009.2474247190336,
  1009.3382502487758,
  1009.428366204067,
  1009.5124851067773,
  1009.5959468305601,
  1009.6798267151054,
  1009.7609138051525,
  1009.8413674023087,
  1009.9211924557371,
  1010.0003938759356,
  1010.0811110978804,
  1010.1771633159836,
  1010.272465126133,
  1010.3585420652461,
  1010.4439465282722,
  1010.540586469762,
  1010.636471411709,
  1010.7413189238176,
  1010.8538739177394,
  1010.9676582127481,
  1011.0595239582617,
  1011.1506720026384,
  1011.2411079529185,
  1011.3748363421172,
  1011.5075199782752,
  1011.6391670235258,
  1011.7697855762353,
  1011.9163673671541,
  1012.0618039878312,
  1012.21589448516,
  1012.3842514475081,
  1012.5512931210877,
  1012.7456120986658,
  1012.9384129592315,
  1013.129707563074,
  1013.319507677824,
  1013.5078249791776,
  1013.6863500456972,
  1013.8681529329815,
  1014.048535485209,
  1014.2135079026897,
  1014.3562821057623,
  1014.4979408853734,
  1014.6384929557688,
  1014.7583175661293,
  1014.8772060467214,
  1014.9951657110589,
  1015.1442816300881,
  1015.292232581,
  1015.4390276651078,
  1015.584675912621,
  1015.7373349142307,
  1015.8888012673902,
  1016.0390842896658,
  1016.2254435479947,
  1016.4103468746179,
  1016.5784304902503,
  1016.7452009526356,
  1016.9027771066421,
  1017.0591221969454,
  1017.2132480762243,
  1017.3661698470714,
  1017.5330374204598,
  1017.698601340931,
  1017.8558963468449,
  1018.0119624855253,
  1018.1428629973437,
  1018.2861219424578,
  1018.4282616770632,
  1018.5451285738579,
  1018.6610824480215,
  1018.7761304325431,
  1018.8902796046857,
  1019.0035369864208,
  1019.1376973934669,
  1019.2708096723328,
  1019.4028820115201,
  1019.528762363827,
  1019.6671649274772,
  1019.8259322995302,
  1019.9834593014891,
  1020.1397556237453,
  1020.3118363227251,
  1020.496278781595,
  1020.6792802837551,
  1020.8608520866795,
  1021.0410053598936,
  1021.2216897712686,
  1021.4009625856798,
  1021.5788348312284,
  1021.7553174498586,
  1021.9332970649019,
  1022.1098862142028,
  1022.2850957607747,
  1022.4856785365537,
  1022.7077808433213,
  1022.9281479758173,
  1023.1467934900907,
  1023.3637308362838,
  1023.5771937467035,
  1023.7604501653501,
  1023.942274893226,
  1024.1226791154154,
  1024.292765719813,
  1024.4633257140783,
  1024.6325532083886,
  1024.7874994896767,
  1024.9412352531424,
  1025.0760777628689,
  1025.194622913049,
  1025.3122419292433,
  1025.4289420468738,
  1025.5428061837515,
  1025.6837514360723,
  1025.8161462091516,
  1025.9146020150938,
  1025.9318081074139,
  1025.9488797771378,
  1025.965818074442,
  1025.9826240412985,
  1025.999298711539,
  1026.0158431109182,
  1026.0384668664487,
  1026.0722065808536,
  1026.1360421596983,
  1026.1993790230833,
  1026.2622210672232,
  1026.324572157893,
  1026.386436130667,
  1026.4418302011156,
  1026.4807039893012,
  1026.5192740760165,
  1026.5575428339293,
  1026.5709707323542,
  1026.5842937253228,
  1026.5975126324088,
  1026.5906769899016,
  1026.5569550956789,
  1026.5234966537548,
  1026.4902996059084,
  1026.4414874542651,
  1026.3780103512604,
  1026.2996873957513,
  1026.2388291888715,
  1026.1784464367327,
  1026.102764850311,
  1026.0276745262831
]
